// Jest Snapshot v1, https://goo.gl/fbAQLP

exports[`Tabs is rendered correctly 1`] = `
<div
  className="movie-card__desc"
>
  <nav
    className="movie-nav movie-card__nav"
  >
    <ul
      className="movie-nav__list"
    >
      <li
        className="movie-nav__item movie-nav__item--active"
      >
        <a
          className="movie-nav__link"
          onClick={[Function]}
        >
          ComponentMock
        </a>
      </li>
      <li
        className="movie-nav__item "
      >
        <a
          className="movie-nav__link"
          onClick={[Function]}
        >
          test
        </a>
      </li>
    </ul>
  </nav>
  <p>
    ComponentMock
  </p>
</div>
`;
