// Jest Snapshot v1, https://goo.gl/fbAQLP

exports[`FilmsList is rendered correctly 1`] = `
<div
  className="catalog__movies-list"
>
  <article
    className="small-movie-card catalog__movies-card"
  >
    <div
      className="small-movie-card__image"
      onClick={[Function]}
      onMouseEnter={[Function]}
      onMouseLeave={[Function]}
    >
      <video
        height="175"
        muted={true}
        poster="img/the-grand-budapest-hotel-poster.jpg"
        src="https://upload.wikimedia.org/wikipedia/commons/transcoded/b/b3/Big_Buck_Bunny_Trailer_400p.ogv/Big_Buck_Bunny_Trailer_400p.ogv.360p.webm"
        width="280"
      />
    </div>
    <h3
      className="small-movie-card__title"
    >
      <a
        className="small-movie-card__link"
        href="/films/0"
        onClick={[Function]}
      >
        The Grand Budapest Hotel
      </a>
    </h3>
  </article>
  <article
    className="small-movie-card catalog__movies-card"
  >
    <div
      className="small-movie-card__image"
      onClick={[Function]}
      onMouseEnter={[Function]}
      onMouseLeave={[Function]}
    >
      <video
        height="175"
        muted={true}
        poster="img/the-grand-budapest-hotel-poster.jpg"
        src="https://upload.wikimedia.org/wikipedia/commons/transcoded/b/b3/Big_Buck_Bunny_Trailer_400p.ogv/Big_Buck_Bunny_Trailer_400p.ogv.360p.webm"
        width="280"
      />
    </div>
    <h3
      className="small-movie-card__title"
    >
      <a
        className="small-movie-card__link"
        href="/films/1"
        onClick={[Function]}
      >
        The Grand Budapest Hotel
      </a>
    </h3>
  </article>
</div>
`;
