// Jest Snapshot v1, https://goo.gl/fbAQLP

exports[`withState is rendered correctly 1`] = `
<button
  onClick={[Function]}
>
  The Grand Budapest Hotel
</button>
`;
